C:\Users\c baya reddy>ssh mahesh@23.101.112.72
mahesh@23.101.112.72's password:
Permission denied, please try again.
mahesh@23.101.112.72's password:
Permission denied, please try again.
mahesh@23.101.112.72's password:
Connection closed by 23.101.112.72 port 22

C:\Users\c baya reddy>ssh mahesh@23.101.112.72
mahesh@23.101.112.72's password:
Welcome to Ubuntu 18.04.5 LTS (GNU/Linux 5.4.0-1039-azure x86_64)

 * Documentation:  https://help.ubuntu.com
 * Management:     https://landscape.canonical.com
 * Support:        https://ubuntu.com/advantage

  System information as of Sun Feb 28 11:42:48 UTC 2021

  System load:  2.06               Processes:              172
  Usage of /:   38.5% of 28.90GB   Users logged in:        1
  Memory usage: 17%                IP address for eth0:    10.0.0.4
  Swap usage:   0%                 IP address for docker0: 172.17.0.1

 * Introducing self-healing high availability clusters in MicroK8s.
   Simple, hardened, Kubernetes for production, from RaspberryPi to DC.

     https://microk8s.io/high-availability

 * Canonical Livepatch is available for installation.
   - Reduce system reboots and improve kernel security. Activate at:
     https://ubuntu.com/livepatch

58 packages can be updated.
0 updates are security updates.

New release '20.04.2 LTS' available.
Run 'do-release-upgrade' to upgrade to it.


*** System restart required ***

The programs included with the Ubuntu system are free software;
the exact distribution terms for each program are described in the
individual files in /usr/share/doc/*/copyright.

Ubuntu comes with ABSOLUTELY NO WARRANTY, to the extent permitted by
applicable law.

mahesh@Practice:~$  sudo apt update
[sudo] password for mahesh:
Hit:1 http://azure.archive.ubuntu.com/ubuntu bionic InRelease
Hit:2 http://azure.archive.ubuntu.com/ubuntu bionic-updates InRelease
Hit:3 http://azure.archive.ubuntu.com/ubuntu bionic-backports InRelease
Hit:4 https://download.docker.com/linux/ubuntu bionic InRelease
Hit:5 http://security.ubuntu.com/ubuntu bionic-security InRelease
Reading package lists... Done
Building dependency tree
Reading state information... Done
57 packages can be upgraded. Run 'apt list --upgradable' to see them.
mahesh@Practice:~$ sudo -s
root@Practice:~# sudo apt install mysql-server mysql-client
Reading package lists... Done
Building dependency tree
Reading state information... Done
The following packages were automatically installed and are no longer required:
  grub-pc-bin linux-azure-5.4-cloud-tools-5.4.0-1031
  linux-azure-5.4-cloud-tools-5.4.0-1034 linux-azure-5.4-cloud-tools-5.4.0-1035
  linux-azure-5.4-cloud-tools-5.4.0-1036 linux-azure-5.4-headers-5.4.0-1031
  linux-azure-5.4-headers-5.4.0-1034 linux-azure-5.4-headers-5.4.0-1035
  linux-azure-5.4-headers-5.4.0-1036 linux-azure-5.4-tools-5.4.0-1031
  linux-azure-5.4-tools-5.4.0-1034 linux-azure-5.4-tools-5.4.0-1035
  linux-azure-5.4-tools-5.4.0-1036 linux-cloud-tools-5.4.0-1036-azure
  linux-headers-5.4.0-1036-azure linux-image-5.4.0-1036-azure
  linux-modules-5.4.0-1036-azure linux-modules-extra-5.4.0-1036-azure
  linux-tools-5.4.0-1036-azure
Use 'sudo apt autoremove' to remove them.
The following additional packages will be installed:
  libaio1 libcgi-fast-perl libcgi-pm-perl libencode-locale-perl libevent-core-2.1-6
  libfcgi-perl libhtml-parser-perl libhtml-tagset-perl libhtml-template-perl
  libhttp-date-perl libhttp-message-perl libio-html-perl liblwp-mediatypes-perl
  libtimedate-perl liburi-perl mysql-client-5.7 mysql-client-core-5.7 mysql-common
  mysql-server-5.7 mysql-server-core-5.7
Suggested packages:
  libdata-dump-perl libipc-sharedcache-perl libwww-perl mailx tinyca
The following NEW packages will be installed:
  libaio1 libcgi-fast-perl libcgi-pm-perl libencode-locale-perl libevent-core-2.1-6
  libfcgi-perl libhtml-parser-perl libhtml-tagset-perl libhtml-template-perl
  libhttp-date-perl libhttp-message-perl libio-html-perl liblwp-mediatypes-perl
  libtimedate-perl liburi-perl mysql-client mysql-client-5.7 mysql-client-core-5.7
  mysql-common mysql-server mysql-server-5.7 mysql-server-core-5.7
0 upgraded, 22 newly installed, 0 to remove and 57 not upgraded.
Need to get 19.8 MB of archives.
After this operation, 157 MB of additional disk space will be used.
Do you want to continue? [Y/n] y
Get:1 http://azure.archive.ubuntu.com/ubuntu bionic/main amd64 mysql-common all 5.8+1.0.4 [7308 B]
Get:2 http://azure.archive.ubuntu.com/ubuntu bionic-updates/main amd64 libaio1 amd64 0.3.110-5ubuntu0.1 [6476 B]
Get:3 http://azure.archive.ubuntu.com/ubuntu bionic-updates/main amd64 mysql-client-core-5.7 amd64 5.7.33-0ubuntu0.18.04.1 [6664 kB]
Get:4 http://azure.archive.ubuntu.com/ubuntu bionic-updates/main amd64 mysql-client-5.7 amd64 5.7.33-0ubuntu0.18.04.1 [1945 kB]
Get:5 http://azure.archive.ubuntu.com/ubuntu bionic-updates/main amd64 mysql-server-core-5.7 amd64 5.7.33-0ubuntu0.18.04.1 [7460 kB]
Get:6 http://azure.archive.ubuntu.com/ubuntu bionic/main amd64 libevent-core-2.1-6 amd64 2.1.8-stable-4build1 [85.9 kB]
Get:7 http://azure.archive.ubuntu.com/ubuntu bionic-updates/main amd64 mysql-server-5.7 amd64 5.7.33-0ubuntu0.18.04.1 [2931 kB]
Get:8 http://azure.archive.ubuntu.com/ubuntu bionic/main amd64 libhtml-tagset-perl all 3.20-3 [12.1 kB]
Get:9 http://azure.archive.ubuntu.com/ubuntu bionic/main amd64 liburi-perl all 1.73-1 [77.2 kB]
Get:10 http://azure.archive.ubuntu.com/ubuntu bionic/main amd64 libhtml-parser-perl amd64 3.72-3build1 [85.9 kB]
Get:11 http://azure.archive.ubuntu.com/ubuntu bionic/main amd64 libcgi-pm-perl all 4.38-1 [185 kB]
Get:12 http://azure.archive.ubuntu.com/ubuntu bionic/main amd64 libfcgi-perl amd64 0.78-2build1 [32.8 kB]
Get:13 http://azure.archive.ubuntu.com/ubuntu bionic/main amd64 libcgi-fast-perl all 1:2.13-1 [9940 B]
Get:14 http://azure.archive.ubuntu.com/ubuntu bionic/main amd64 libencode-locale-perl all 1.05-1 [12.3 kB]
Get:15 http://azure.archive.ubuntu.com/ubuntu bionic/main amd64 libhtml-template-perl all 2.97-1 [59.0 kB]
Get:16 http://azure.archive.ubuntu.com/ubuntu bionic/main amd64 libtimedate-perl all 2.3000-2 [37.5 kB]
Get:17 http://azure.archive.ubuntu.com/ubuntu bionic/main amd64 libhttp-date-perl all 6.02-1 [10.4 kB]
Get:18 http://azure.archive.ubuntu.com/ubuntu bionic/main amd64 libio-html-perl all 1.001-1 [14.9 kB]
Get:19 http://azure.archive.ubuntu.com/ubuntu bionic/main amd64 liblwp-mediatypes-perl all 6.02-1 [21.7 kB]
Get:20 http://azure.archive.ubuntu.com/ubuntu bionic/main amd64 libhttp-message-perl all 6.14-1 [72.1 kB]
Get:21 http://azure.archive.ubuntu.com/ubuntu bionic-updates/main amd64 mysql-client all 5.7.33-0ubuntu0.18.04.1 [9828 B]
Get:22 http://azure.archive.ubuntu.com/ubuntu bionic-updates/main amd64 mysql-server all 5.7.33-0ubuntu0.18.04.1 [9944 B]
Fetched 19.8 MB in 1s (25.6 MB/s)
Preconfiguring packages ...
Selecting previously unselected package mysql-common.
(Reading database ... 208508 files and directories currently installed.)
Preparing to unpack .../0-mysql-common_5.8+1.0.4_all.deb ...
Unpacking mysql-common (5.8+1.0.4) ...
Selecting previously unselected package libaio1:amd64.
Preparing to unpack .../1-libaio1_0.3.110-5ubuntu0.1_amd64.deb ...
Unpacking libaio1:amd64 (0.3.110-5ubuntu0.1) ...
Selecting previously unselected package mysql-client-core-5.7.
Preparing to unpack .../2-mysql-client-core-5.7_5.7.33-0ubuntu0.18.04.1_amd64.deb ...
Unpacking mysql-client-core-5.7 (5.7.33-0ubuntu0.18.04.1) ...
Selecting previously unselected package mysql-client-5.7.
Preparing to unpack .../3-mysql-client-5.7_5.7.33-0ubuntu0.18.04.1_amd64.deb ...
Unpacking mysql-client-5.7 (5.7.33-0ubuntu0.18.04.1) ...
Selecting previously unselected package mysql-server-core-5.7.
Preparing to unpack .../4-mysql-server-core-5.7_5.7.33-0ubuntu0.18.04.1_amd64.deb ...
Unpacking mysql-server-core-5.7 (5.7.33-0ubuntu0.18.04.1) ...
Selecting previously unselected package libevent-core-2.1-6:amd64.
Preparing to unpack .../5-libevent-core-2.1-6_2.1.8-stable-4build1_amd64.deb ...
Unpacking libevent-core-2.1-6:amd64 (2.1.8-stable-4build1) ...
Setting up mysql-common (5.8+1.0.4) ...
update-alternatives: using /etc/mysql/my.cnf.fallback to provide /etc/mysql/my.cnf (my.cnf) in auto mode
Selecting previously unselected package mysql-server-5.7.
(Reading database ... 208676 files and directories currently installed.)
Preparing to unpack .../00-mysql-server-5.7_5.7.33-0ubuntu0.18.04.1_amd64.deb ...
Unpacking mysql-server-5.7 (5.7.33-0ubuntu0.18.04.1) ...
Selecting previously unselected package libhtml-tagset-perl.
Preparing to unpack .../01-libhtml-tagset-perl_3.20-3_all.deb ...
Unpacking libhtml-tagset-perl (3.20-3) ...
Selecting previously unselected package liburi-perl.
Preparing to unpack .../02-liburi-perl_1.73-1_all.deb ...
Unpacking liburi-perl (1.73-1) ...
Selecting previously unselected package libhtml-parser-perl.
Preparing to unpack .../03-libhtml-parser-perl_3.72-3build1_amd64.deb ...
Unpacking libhtml-parser-perl (3.72-3build1) ...
Selecting previously unselected package libcgi-pm-perl.
Preparing to unpack .../04-libcgi-pm-perl_4.38-1_all.deb ...
Unpacking libcgi-pm-perl (4.38-1) ...
Selecting previously unselected package libfcgi-perl.
Preparing to unpack .../05-libfcgi-perl_0.78-2build1_amd64.deb ...
Unpacking libfcgi-perl (0.78-2build1) ...
Selecting previously unselected package libcgi-fast-perl.
Preparing to unpack .../06-libcgi-fast-perl_1%3a2.13-1_all.deb ...
Unpacking libcgi-fast-perl (1:2.13-1) ...
Selecting previously unselected package libencode-locale-perl.
Preparing to unpack .../07-libencode-locale-perl_1.05-1_all.deb ...
Unpacking libencode-locale-perl (1.05-1) ...
Selecting previously unselected package libhtml-template-perl.
Preparing to unpack .../08-libhtml-template-perl_2.97-1_all.deb ...
Unpacking libhtml-template-perl (2.97-1) ...
Selecting previously unselected package libtimedate-perl.
Preparing to unpack .../09-libtimedate-perl_2.3000-2_all.deb ...
Unpacking libtimedate-perl (2.3000-2) ...
Selecting previously unselected package libhttp-date-perl.
Preparing to unpack .../10-libhttp-date-perl_6.02-1_all.deb ...
Unpacking libhttp-date-perl (6.02-1) ...
Selecting previously unselected package libio-html-perl.
Preparing to unpack .../11-libio-html-perl_1.001-1_all.deb ...
Unpacking libio-html-perl (1.001-1) ...
Selecting previously unselected package liblwp-mediatypes-perl.
Preparing to unpack .../12-liblwp-mediatypes-perl_6.02-1_all.deb ...
Unpacking liblwp-mediatypes-perl (6.02-1) ...
Selecting previously unselected package libhttp-message-perl.
Preparing to unpack .../13-libhttp-message-perl_6.14-1_all.deb ...
Unpacking libhttp-message-perl (6.14-1) ...
Selecting previously unselected package mysql-client.
Preparing to unpack .../14-mysql-client_5.7.33-0ubuntu0.18.04.1_all.deb ...
Unpacking mysql-client (5.7.33-0ubuntu0.18.04.1) ...
Selecting previously unselected package mysql-server.
Preparing to unpack .../15-mysql-server_5.7.33-0ubuntu0.18.04.1_all.deb ...
Unpacking mysql-server (5.7.33-0ubuntu0.18.04.1) ...
Setting up libhtml-tagset-perl (3.20-3) ...
Setting up libevent-core-2.1-6:amd64 (2.1.8-stable-4build1) ...
Setting up libencode-locale-perl (1.05-1) ...
Setting up libtimedate-perl (2.3000-2) ...
Setting up libio-html-perl (1.001-1) ...
Setting up liblwp-mediatypes-perl (6.02-1) ...
Setting up libaio1:amd64 (0.3.110-5ubuntu0.1) ...
Setting up liburi-perl (1.73-1) ...
Setting up libhtml-parser-perl (3.72-3build1) ...
Setting up libcgi-pm-perl (4.38-1) ...
Setting up mysql-client-core-5.7 (5.7.33-0ubuntu0.18.04.1) ...
Setting up libfcgi-perl (0.78-2build1) ...
Setting up libhttp-date-perl (6.02-1) ...
Setting up libhtml-template-perl (2.97-1) ...
Setting up mysql-server-core-5.7 (5.7.33-0ubuntu0.18.04.1) ...
Setting up libcgi-fast-perl (1:2.13-1) ...
Setting up libhttp-message-perl (6.14-1) ...
Setting up mysql-client-5.7 (5.7.33-0ubuntu0.18.04.1) ...
Setting up mysql-client (5.7.33-0ubuntu0.18.04.1) ...
Setting up mysql-server-5.7 (5.7.33-0ubuntu0.18.04.1) ...
update-alternatives: using /etc/mysql/mysql.cnf to provide /etc/mysql/my.cnf (my.cnf) in auto mode
Renaming removed key_buffer and myisam-recover options (if present)
Created symlink /etc/systemd/system/multi-user.target.wants/mysql.service → /lib/systemd/system/mysql.service.
Setting up mysql-server (5.7.33-0ubuntu0.18.04.1) ...
Processing triggers for libc-bin (2.27-3ubuntu1.2) ...
Processing triggers for systemd (237-3ubuntu10.42) ...
Processing triggers for man-db (2.8.3-2ubuntu0.1) ...
Processing triggers for ureadahead (0.100.0-21) ...
root@Practice:~# nano /etc/mysql/mysql.conf.d/mysqld.cnf
root@Practice:~# sudo systemctl restart mysql
Job for mysql.service failed because the control process exited with error code.
See "systemctl status mysql.service" and "journalctl -xe" for details.
root@Practice:~# systemctl status mysql.service
● mysql.service - MySQL Community Server
   Loaded: loaded (/lib/systemd/system/mysql.service; enabled; vendor preset: enabled)
   Active: deactivating (stop-sigterm) (Result: exit-code) since Sun 2021-02-28 11:52:18 U  Process: 17814 ExecStart=/usr/sbin/mysqld --daemonize --pid-file=/run/mysqld/mysqld.pid
  Process: 17784 ExecStartPre=/usr/share/mysql/mysql-systemd-start pre (code=exited, statu Main PID: 16273 (code=exited, status=0/SUCCESS)
    Tasks: 12 (limit: 4915)
   CGroup: /system.slice/mysql.service
           └─17816 /usr/sbin/mysqld --daemonize --pid-file=/run/mysqld/mysqld.pid

Feb 28 11:52:47 Practice systemd[1]: Starting MySQL Community Server...
Feb 28 11:52:48 Practice mysqld[17814]: Initialization of mysqld failed: 0
Feb 28 11:52:48 Practice systemd[1]: mysql.service: Control process exited, code=exited stroot@Practice:~# sudo service mysql restart
Job for mysql.service failed because the control process exited with error code.
See "systemctl status mysql.service" and "journalctl -xe" for details.
root@Practice:~# nano /etc/mysql/mysql.conf.d/mysqld.cnf
root@Practice:~# sudo service mysql restart
root@Practice:~# ussystemctl stst^C
root@Practice:~# systemctl status mysql
● mysql.service - MySQL Community Server
   Loaded: loaded (/lib/systemd/system/mysql.service; enabled; vendor preset: enabled)
   Active: active (running) since Sun 2021-02-28 11:58:24 UTC; 2min 21s ago
  Process: 28624 ExecStart=/usr/sbin/mysqld --daemonize --pid-file=/run/mysqld/mysqld.pid
  Process: 28588 ExecStartPre=/usr/share/mysql/mysql-systemd-start pre (code=exited, statu Main PID: 28626 (mysqld)
    Tasks: 27 (limit: 4915)
   CGroup: /system.slice/mysql.service
           └─28626 /usr/sbin/mysqld --daemonize --pid-file=/run/mysqld/mysqld.pid

Feb 28 11:58:23 Practice systemd[1]: Starting MySQL Community Server...
Feb 28 11:58:24 Practice systemd[1]: Started MySQL Community Server.
root@Practice:~# mysql -u root -p
Enter password:
Welcome to the MySQL monitor.  Commands end with ; or \g.
Your MySQL connection id is 2
Server version: 5.7.33-0ubuntu0.18.04.1-log (Ubuntu)

Copyright (c) 2000, 2021, Oracle and/or its affiliates.

Oracle is a registered trademark of Oracle Corporation and/or its
affiliates. Other names may be trademarks of their respective
owners.

Type 'help;' or '\h' for help. Type '\c' to clear the current input statement.

mysql> create user 'replication_user'@'%' identified by '1729';
Query OK, 0 rows affected (0.02 sec)

mysql> GRANT REPLICATION SLAVE ON *.* TO 'replication_user'@'%';
Query OK, 0 rows affected (0.01 sec)

mysql> FLUSH PRIVILEGES;
Query OK, 0 rows affected (0.01 sec)

mysql> show master status;
+------------------+----------+--------------+------------------+-------------------+
| File             | Position | Binlog_Do_DB | Binlog_Ignore_DB | Executed_Gtid_Set |
+------------------+----------+--------------+------------------+-------------------+
| mysql-bin.000150 |      771 |              |                  |                   |
+------------------+----------+--------------+------------------+-------------------+
1 row in set (0.00 sec)

mysql> create database Mahesh;
Query OK, 1 row affected (0.01 sec)

mysql> show databses;
ERROR 1064 (42000): You have an error in your SQL syntax; check the manual that corresponds to your MySQL server version for the right syntax to use near 'databses' at line 1
mysql> show databases;
+--------------------+
| Database           |
+--------------------+
| information_schema |
| Mahesh             |
| mysql              |
| performance_schema |
| sys                |
+--------------------+
5 rows in set (0.00 sec)

mysql> ^C

^C
mysql>
mysql>
mysql>
mysql>
mysql> Connection reset by 23.101.112.72 port 22

C:\Users\c baya reddy>ssh mahesh@23.101.112.72
ssh: connect to host 23.101.112.72 port 22: Unknown error

C:\Users\c baya reddy>ssh mahesh@23.101.112.72
ssh: connect to host 23.101.112.72 port 22: Unknown error

C:\Users\c baya reddy>ssh mahesh@23.101.112.72
ssh: connect to host 23.101.112.72 port 22: Unknown error

C:\Users\c baya reddy>ssh mahesh@23.101.112.72
mahesh@23.101.112.72's password:
Welcome to Ubuntu 18.04.5 LTS (GNU/Linux 5.4.0-1039-azure x86_64)

 * Documentation:  https://help.ubuntu.com
 * Management:     https://landscape.canonical.com
 * Support:        https://ubuntu.com/advantage

  System information as of Sun Feb 28 12:15:20 UTC 2021

  System load:  2.0                Processes:              168
  Usage of /:   39.5% of 28.90GB   Users logged in:        1
  Memory usage: 18%                IP address for eth0:    10.0.0.4
  Swap usage:   0%                 IP address for docker0: 172.17.0.1

 * Introducing self-healing high availability clusters in MicroK8s.
   Simple, hardened, Kubernetes for production, from RaspberryPi to DC.

     https://microk8s.io/high-availability

 * Canonical Livepatch is available for installation.
   - Reduce system reboots and improve kernel security. Activate at:
     https://ubuntu.com/livepatch

58 packages can be updated.
0 updates are security updates.

New release '20.04.2 LTS' available.
Run 'do-release-upgrade' to upgrade to it.


*** System restart required ***
Last login: Sun Feb 28 11:42:49 2021 from 157.47.49.2
mahesh@Practice:~$ Welcome to Ubuntu 18.04.5 LTS (GNU/Linux 5.4.0-1039-azure x86_64)

 * Documentation:  https://help.ubuntu.com
 * Management:     https://landscape.canonical.com
 * Support:        https://ubuntu.com/advantage

  System information as of Sun Feb 28 12:15:20 UTC 2021

  System load:  2.0                Processes:              168
  Usage of /:   39.5% of 28.90GB   Users logged in:        1
  Memory usage: 18%                IP address for eth0:    10.0.0.4
  Swap usage:   0%                 IP address for docker0: 172.17.0.1

 * Introducing self-healing high availability clusters in MicroK8s.
   Simple, hardened, Kubernetes for production, from RaspberryPi to DC.

     https://microk8s.io/high-availability

 * Canonical Livepatch is available for installation.
   - Reduce system reboots and improve kernel security. Activate at:
     https://ubuntu.com/livepatch

58 packages can be updated.
0 updates are security updates.

New release '20.04.2 LTS' available.
Run 'do-release-upgrade' to upgrade to it.


*** System restart required ***
Last login: Sun Feb 28 11:42:49 2021 from 157.47.49.2
mahesh@Practice:~$ sudo nano /etc/mysql/mysql.conf.d/mysqld.cnf
[sudo] password for mahesh:
mahesh@Practice:~$ sudo nano /etc/mysql/mysql.conf.d/mysqld.cnf
mahesh@Practice:~$ systemctl restart mysql
==== AUTHENTICATING FOR org.freedesktop.systemd1.manage-units ===
Authentication is required to restart 'mysql.service'.
Multiple identities can be used for authentication:
 1.  Ubuntu (chinna98)
 2.  gopinath56,,, (gopi)
 3.  gopinath,,, (gopinath)
 4.  kanakanti balakrishna reddy,191611246,6374121031,9952013463,adress (balakrishna)
 5.  kanakanti balakrishna reddy,106,6374121031,9952013463,balakrishnareddy1998@gmail.com (balakrishnareddy)
 6.  naresh,,, (naresh)
 7.  Maheswar Reddy,,, (mahesh)
 8.  ,,, (divya)
Choose identity to authenticate as (1-8): Failed to restart mysql.service: Connection timed out
See system logs and 'systemctl status mysql.service' for details.
mahesh@Practice:~$ sudo -s
root@Practice:~# systemctl status mysql
● mysql.service - MySQL Community Server
   Loaded: loaded (/lib/systemd/system/mysql.service; enabled; vendor preset: enable   Active: active (running) since Sun 2021-02-28 11:58:24 UTC; 22min ago
  Process: 28624 ExecStart=/usr/sbin/mysqld --daemonize --pid-file=/run/mysqld/mysql  Process: 28588 ExecStartPre=/usr/share/mysql/mysql-systemd-start pre (code=exited, Main PID: 28626 (mysqld)
    Tasks: 28 (limit: 4915)
   CGroup: /system.slice/mysql.service
           └─28626 /usr/sbin/mysqld --daemonize --pid-file=/run/mysqld/mysqld.pid

Feb 28 11:58:23 Practice systemd[1]: Starting MySQL Community Server...
Feb 28 11:58:24 Practice systemd[1]: Started MySQL Community Server.
root@Practice:~# exit
exit
mahesh@Practice:~$ sudo -s
root@Practice:~# mysql -u root -p
Enter password:
Welcome to the MySQL monitor.  Commands end with ; or \g.
Your MySQL connection id is 3
Server version: 5.7.33-0ubuntu0.18.04.1-log (Ubuntu)

Copyright (c) 2000, 2021, Oracle and/or its affiliates.

Oracle is a registered trademark of Oracle Corporation and/or its
affiliates. Other names may be trademarks of their respective
owners.

Type 'help;' or '\h' for help. Type '\c' to clear the current input statement.

mysql> show databses;CHANGE MASTER TO MASTER_HOST = '11.11.11.11', MASTER_USER = 'replication_user', MASTER_PASSWORD = '79814', MASTER_LOG_FILE = 'myl-bin.000001', MASTER_L[1]+  Stopped                 mysql -u root -p
root@Practice:~# ^CR TO MASTER_HOST = '11.11.11.11', MASTER_USER = 'replication_user', MASTER_PASSWORD = '79814', MASTER_LOG_FILE = 'mysql-bin.000001', MASTER_LOG_POS = 771root@Practice:~# mysql -u root -p
Enter password:  affected, 2 warnings (0.09 sec)
Welcome to the MySQL monitor.  Commands end with ; or \g.
Your MySQL connection id is 7
Server version: 5.7.33-0ubuntu0.18.04.1-log (Ubuntu)

Copyright (c) 2000, 2021, Oracle and/or its affiliates.
Bye
Oracle is a registered trademark of Oracle Corporation and/or its
affiliates. Other names may be trademarks of their respective
owners. to the MySQL monitor.  Commands end with ; or \g.
Your MySQL connection id is 6
Type 'help;' or '\h' for help. Type '\c' to clear the current input statement.

mysql> ^C^Cc) 2000, 2021, Oracle and/or its affiliates.

^Cacle is a registered trademark of Oracle Corporation and/or its
mysql> tes. Other names may be trademarks of their respective
mysql>
mysql>
mysql> elp;' or '\h' for help. Type '\c' to clear the current input statement.
mysql>
mysql> quit;
mysql>
mysql>
mysql>
mysql>
mysql>
mysql>
mysql>
mysql>
mysql>
mysql>
mysql>
mysql>
mysql>
mysql>
mysql>
mysql>
mysql> CHANGE MASTER TO MASTER_HOST = '11.11.11.11', MASTER_USER = 'replication_user', MASTER_PASSWORD = '79814', MASTER_LOG_FILE = 'mysql-bin.000001', MASTER_LOG_^C

^C
mysql> CHANGE MASTER TO MASTER_HOST = '11.11.11.11', MASTER_USER = 'replication_user', MASTER_PASSWORD = '1729', MASTER_LOG_FILE = 'mysql-bin.000001', MASTER_LOG_POS = 771;
ERROR 3021 (HY000): This operation cannot be performed with a running slave io thread; run STOP SLAVE IO_THREAD FOR CHANNEL '' first.
mysql> stop slave;
Query OK, 0 rows affected (0.01 sec)

mysql> CHANGE MASTER TO MASTER_HOST = '11.11.11.11', MASTER_USER = 'replication_user', MASTER_PASSWORD = '1729', MASTER_LOG_FILE = 'mysql-bin.000001', MASTER_LOG_POS = 771;
Query OK, 0 rows affected, 2 warnings (0.07 sec)

mysql> start slave;
Query OK, 0 rows affected (0.01 sec)

mysql> quit;
Bye
root@Practice:~# mysql -u root -pConnection reset by 23.101.112.72 port 22

C:\Users\c baya reddy>ssh mahesh@23.101.112.72
mahesh@23.101.112.72's password:
Welcome to Ubuntu 18.04.5 LTS (GNU/Linux 5.4.0-1039-azure x86_64)

 * Documentation:  https://help.ubuntu.com
 * Management:     https://landscape.canonical.com
 * Support:        https://ubuntu.com/advantage

  System information as of Sun Feb 28 12:35:30 UTC 2021

  System load:  2.08               Processes:              166
  Usage of /:   39.5% of 28.90GB   Users logged in:        1
  Memory usage: 18%                IP address for eth0:    10.0.0.4
  Swap usage:   0%                 IP address for docker0: 172.17.0.1

 * Introducing self-healing high availability clusters in MicroK8s.
   Simple, hardened, Kubernetes for production, from RaspberryPi to DC.

     https://microk8s.io/high-availability

 * Canonical Livepatch is available for installation.
   - Reduce system reboots and improve kernel security. Activate at:
     https://ubuntu.com/livepatch

58 packages can be updated.
0 updates are security updates.

New release '20.04.2 LTS' available.
Run 'do-release-upgrade' to upgrade to it.


*** System restart required ***
Last login: Sun Feb 28 12:15:22 2021 from 157.47.49.2
mahesh@Practice:~$ sudo -s
[sudo] password for mahesh:
Sorry, try again.
[sudo] password for mahesh:
root@Practice:~# mysql -u root -p
Enter password:
Welcome to the MySQL monitor.  Commands end with ; or \g.
Your MySQL connection id is 10
Server version: 5.7.33-0ubuntu0.18.04.1-log (Ubuntu)

Copyright (c) 2000, 2021, Oracle and/or its affiliates.

Oracle is a registered trademark of Oracle Corporation and/or its
affiliates. Other names may be trademarks of their respective
owners.

Type 'help;' or '\h' for help. Type '\c' to clear the current input statement.

mysql> start slave;
Query OK, 0 rows affected, 1 warning (0.00 sec)

mysql> quit;
Bye
root@Practice:~# show databases;

Command 'show' not found, but can be installed with:

apt install mailutils-mh
apt install mmh
apt install nmh

root@Practice:~# show databases;

Command 'show' not found, but can be installed with:

apt install mailutils-mh
apt install mmh
apt install nmh

root@Practice:~# mysql -u root -p
Enter password:
Welcome to the MySQL monitor.  Commands end with ; or \g.
Your MySQL connection id is 11
Server version: 5.7.33-0ubuntu0.18.04.1-log (Ubuntu)

Copyright (c) 2000, 2021, Oracle and/or its affiliates.

Oracle is a registered trademark of Oracle Corporation and/or its
affiliates. Other names may be trademarks of their respective
owners.

Type 'help;' or '\h' for help. Type '\c' to clear the current input statement.

mysql> show databses;
ERROR 1064 (42000): You have an error in your SQL syntax; check the manual that corresponds to your MySQL server version for the right syntax to use near 'databses' at line 1
mysql> show databases;
+--------------------+
| Database           |
+--------------------+
| information_schema |
| Mahesh             |
| mysql              |
| performance_schema |
| sys                |
+--------------------+
5 rows in set (0.00 sec)

mysql> create database madhan;
Query OK, 1 row affected (0.02 sec)

mysql> use madhan;
Database changed
mysql> show tabales;
ERROR 1064 (42000): You have an error in your SQL syntax; check the manual that corresponds to your MySQL server version for the right syntax to use near 'tabales' at line 1
mysql> show tables;
Empty set (0.00 sec)

mysql> create database replica_demo;
Query OK, 1 row affected (0.03 sec)

mysql> use replica_demo;
Database changed
mysql> CREATE TABLE students ( id INT(6) UNSIGNED AUTO_INCREMENT PRIMARY KEY, student_name VARCHAR(30) NOT NULL );
Query OK, 0 rows affected (0.34 sec)

mysql> insert into students(id, student_name) values ('1001', 'Mahesh');
Query OK, 1 row affected (0.01 sec)

mysql> insert into students(id, student_name) values ('1002', 'Madhan');
Query OK, 1 row affected (0.02 sec)

mysql> show tables;
+------------------------+
| Tables_in_replica_demo |
+------------------------+
| students               |
+------------------------+
1 row in set (0.00 sec)

mysql> select *from students;
+------+--------------+
| id   | student_name |
+------+--------------+
| 1001 | Mahesh       |
| 1002 | Madhan       |
+------+--------------+
2 rows in set (0.00 sec)

mysql> show slave status;
+----------------------+-------------+------------------+-------------+---------------+------------------+---------------------+------------------------+---------------+-----------------------+------------------+-------------------+-----------------+---------------------+--------------------+------------------------+-------------------------+-----------------------------+------------+------------+--------------+---------------------+-----------------+-----------------+----------------+---------------+--------------------+--------------------+--------------------+-----------------+-------------------+----------------+-----------------------+-------------------------------+---------------+---------------------------------------------------------------------------------------------+----------------+----------------+-----------------------------+------------------+-------------+----------------------------+-----------+---------------------+--------------------------------------------------------+--------------------+-------------+-------------------------+--------------------------+----------------+--------------------+--------------------+-------------------+---------------+----------------------+--------------+--------------------+
| Slave_IO_State       | Master_Host | Master_User      | Master_Port | Connect_Retry | Master_Log_File  | Read_Master_Log_Pos | Relay_Log_File         | Relay_Log_Pos | Relay_Master_Log_File | Slave_IO_Running | Slave_SQL_Running | Replicate_Do_DB | Replicate_Ignore_DB | Replicate_Do_Table | Replicate_Ignore_Table | Replicate_Wild_Do_Table | Replicate_Wild_Ignore_Table | Last_Errno | Last_Error | Skip_Counter | Exec_Master_Log_Pos | Relay_Log_Space | Until_Condition | Until_Log_File | Until_Log_Pos | Master_SSL_Allowed | Master_SSL_CA_File | Master_SSL_CA_Path | Master_SSL_Cert | Master_SSL_Cipher | Master_SSL_Key | Seconds_Behind_Master | Master_SSL_Verify_Server_Cert | Last_IO_Errno | Last_IO_Error                                                                               | Last_SQL_Errno | Last_SQL_Error | Replicate_Ignore_Server_Ids | Master_Server_Id | Master_UUID | Master_Info_File           | SQL_Delmysql>
mysql> Retry_Count | Master_Bind | Last_IO_Error_Timestamp | Last_SQL_Error_Timestamp | Master_SSL_Crl | Master_SSL_Crlpath | Retrieved_Gtid_Set | Executed_Gtid_Set | A^Co_Position | Replicate_Rewrite_DB | Channel_Name | Master_TLS_Version |
mysql> mysql> q!-------+-------------+------------------+-------------+---------------+------------------+---------------------+------------------------+---------------+---    -> ;------------+------------------+-------------------+-----------------+---------------------+--------------------+------------------------+-------------------------+ERROR 1064 (42000): You have an error in your SQL syntax; check the manual that corresponds to your MySQL server version for the right syntax to use near 'q!' at line 1----mysql> ---+--------------------+--------------------+-----------------+-------------------+----------------+-----------------------+-------------------------------+--------mysql> +---------------------------------------------------------------------------------------------+----------------+----------------+-----------------------------+------mysql> -----+-------------+----------------------------+-----------+---------------------+--------------------------------------------------------+--------------------+----mysql> --+-------------------------+--------------------------+----------------+--------------------+--------------------+-------------------+---------------+--------------mysql> -+--------------+--------------------+
mysql> cting to master | 11.11.11.11 | replication_user |        3306 |            60 | mysql-bin.000001 |                 771 | mysql-relay-bin.000001 |             4 | mymysql> .000001      | Connecting       | Yes               |                 |                     |                    |                        |                         |mysql>                       |          0 |            |            0 |                 771 |             154 | None            |                |             0 | No
mysql>    |                    |                    |                 |                   |                |                  NULL | No                            |
mysql> | error connecting to master 'replication_user@11.11.11.11:3306' - retry-time: 60  retries: 6 |              0 |                |                             |
mysql>    0 |             | /var/lib/mysql/master.info |         0 |                NULL | Slave has read all relay log; waiting for more updates |              86400 |
mysql>   | 210228 12:41:42         |                          |                |                    |                    |                   |             0 |
mysql>  |              |                    |
mysql> ----------------+-------------+------------------+-------------+---------------+------------------+---------------------+------------------------+---------------+---mysql> -------------+------------------+-------------------+-----------------+---------------------+--------------------+------------------------+-------------------------+mysql> ----------------------+------------+------------+--------------+---------------------+-----------------+-----------------+----------------+---------------+----------mysql> ---+--------------------+--------------------+-----------------+-------------------+----------------+-----------------------+-------------------------------+--------mysql> +---------------------------------------------------------------------------------------------+----------------+----------------+-----------------------------+------mysql> -----+-------------+----------------------------+-----------+---------------------+--------------------------------------------------------+--------------------+----mysql> --+-------------------------+--------------------------+----------------+--------------------+--------------------+-------------------+---------------+--------------mysql> -+--------------+--------------------+
mysql> n set (0.00 sec)
mysql>
mysql> show master status;
mysql> ------------+----------+--------------+------------------+-------------------+
mysql>             | Position | Binlog_Do_DB | Binlog_Ignore_DB | Executed_Gtid_Set |
mysql> ------------+----------+--------------+------------------+-------------------+
mysql> -bin.000150 |     2115 |              |                  |                   |
mysql> ------------+----------+--------------+------------------+-------------------+
mysql> n set (0.00 sec)
mysql>
mysql> mysql> show slave status;
mysql> ----------------+-------------+------------------+-------------+---------------+------------------+---------------------+------------------------+---------------+---mysql> -------------+------------------+-------------------+-----------------+---------------------+--------------------+------------------------+-------------------------+mysql> ----------------------+------------+------------+--------------+---------------------+-----------------+-----------------+----------------+---------------+----------mysql> ---+--------------------+--------------------+-----------------+-------------------+----------------+-----------------------+-------------------------------+--------mysql> +---------------------------------------------------------------------------------------------+----------------+----------------+-----------------------------+------mysql> -----+-------------+----------------------------+-----------+---------------------+--------------------------------------------------------+--------------------+----mysql> --+-------------------------+--------------------------+----------------+--------------------+--------------------+-------------------+---------------+--------------mysql> -+--------------+--------------------+
mysql> _IO_State       | Master_Host | Master_User      | Master_Port | Connect_Retry | Master_Log_File  | Read_Master_Log_Pos | Relay_Log_File         | Relay_Log_Pos | Remysql> ter_Log_File | Slave_IO_Running | Slave_SQL_Running | Replicate_Do_DB | Replicate_Ignore_DB | Replicate_Do_Table | Replicate_Ignore_Table | Replicate_Wild_Do_Table |mysql> ate_Wild_Ignore_Table | Last_Errno | Last_Error | Skip_Counter | Exec_Master_Log_Pos | Relay_Log_Space | Until_Condition | Until_Log_File | Until_Log_Pos | Master_SSmysql> ed | Master_SSL_CA_File | Master_SSL_CA_Path | Master_SSL_Cert | Master_SSL_Cipher | Master_SSL_Key | Seconds_Behind_Master | Master_SSL_Verify_Server_Cert | Last_IOmysql> | Last_IO_Error                                                                               | Last_SQL_Errno | Last_SQL_Error | Replicate_Ignore_Server_Ids | Mastemysql> r_Id | Master_UUID | Master_Info_File           | SQL_Delay | SQL_Remaining_Delay | Slave_SQL_Running_State                                | Master_Retry_Count | Masmysql> d | Last_IO_Error_Timestamp | Last_SQL_Error_Timestamp | Master_SSL_Crl | Master_SSL_Crlpath | Retrieved_Gtid_Set | Executed_Gtid_Set | Auto_Position | Replicate_Rewmysql>  | Channel_Name | Master_TLS_Version |
mysql> ----------------+-------------+------------------+-------------+---------------+------------------+---------------------+------------------------+---------------+---mysql> -------------+------------------+-------------------+-----------------+---------------------+--------------------+------------------------+-------------------------+mysql> ----------------------+------------+------------+--------------+---------------------+-----------------+-----------------+----------------+---------------+----------mysql> ---+--------------------+--------------------+-----------------+-------------------+----------------+-----------------------+-------------------------------+--------mysql> +---------------------------------------------------------------------------------------------+----------------+----------------+-----------------------------+------mysql> -----+-------------+----------------------------+-----------+---------------------+--------------------------------------------------------+--------------------+----mysql> --+-------------------------+--------------------------+----------------+--------------------+--------------------+-------------------+---------------+--------------mysql> -+--------------+--------------------+
mysql> cting to master | 11.11.11.11 | replication_user |        3306 |            60 | mysql-bin.000001 |                 771 | mysql-relay-bin.000001 |             4 | mymysql> .000001      | Connecting       | Yes               |                 |                     |                    |                        |                         |mysql>                       |          0 |            |            0 |                 771 |             154 | None            |                |             0 | No
mysql>    |                    |                    |                 |                   |                |                  NULL | No                            |
mysql> | error connecting to master 'replication_user@11.11.11.11:3306' - retry-time: 60  retries: 8 |              0 |                |                             |
mysql>    0 |             | /var/lib/mysql/master.info |         0 |                NULL | Slave has read all relay log; waiting for more updates |              86400 |
mysql>   | 210228 12:45:42         |                          |                |                    |                    |                   |             0 |
mysql>  |              |                    |
mysql> ----------------+-------------+------------------+-------------+---------------+------------------+---------------------+------------------------+---------------+---mysql> -------------+------------------+-------------------+-----------------+---------------------+--------------------+------------------------+-------------------------+mysql> ----------------------+------------+------------+--------------+---------------------+-----------------+-----------------+----------------+---------------+----------mysql> ---+--------------------+--------------------+-----------------+-------------------+----------------+-----------------------+-------------------------------+--------mysql> +---------------------------------------------------------------------------------------------+----------------+----------------+-----------------------------+------mysql> -----+-------------+----------------------------+-----------+---------------------+--------------------------------------------------------+--------------------+----mysql> --+-------------------------+--------------------------+----------------+--------------------+--------------------+-------------------+---------------+--------------mysql> -+--------------+--------------------+
mysql> n set (0.00 sec)
mysql>
mysql> vim  /etc/mysql/mysql.conf.d/mysqld.cnf
mysql>
mysql>
mysql>
mysql>
mysql>
mysql>
mysql>
mysql>
mysql>
mysql>
mysql>
mysql>
mysql>
mysql>
mysql>
mysql>
mysql>
mysql>
mysql>
mysql>
mysql>
mysql>
mysql>
mysql>
mysql>
mysql>
mysql>
mysql>
mysql> nano  /etc/mysql/mysql.conf.d/mysqld.cnf
    -> ;
ERROR 1064 (42000): You have an error in your SQL syntax; check the manual that corresponds to your MySQL server version for the right syntax to use near 'nano  /etc/mysql/mysql.conf.d/mysqld.cnf' at line 1
mysql> ^C^C

^C
mysql> exit
Bye
root@Practice:~#  nano  /etc/mysql/mysql.conf.d/mysqld.cnf
root@Practice:~# show databases;

Command 'show' not found, but can be installed with:

apt install mailutils-mh
apt install mmh
apt install nmh

root@Practice:~# mysql -u root -p
Enter password:
Welcome to the MySQL monitor.  Commands end with ; or \g.
Your MySQL connection id is 12
Server version: 5.7.33-0ubuntu0.18.04.1-log (Ubuntu)

Copyright (c) 2000, 2021, Oracle and/or its affiliates.

Oracle is a registered trademark of Oracle Corporation and/or its
affiliates. Other names may be trademarks of their respective
owners.

Type 'help;' or '\h' for help. Type '\c' to clear the current input statement.

mysql> show slave status;
+----------------------+-------------+------------------+-------------+---------------+------------------+---------------------+------------------------+---------------+-----------------------+------------------+-------------------+-----------------+---------------------+--------------------+------------------------+-------------------------+-----------------------------+------------+------------+--------------+---------------------+-----------------+-----------------+----------------+---------------+--------------------+--------------------+--------------------+-----------------+-------------------+----------------+-----------------------+-------------------------------+---------------+----------------------------------------------------------------------------------------------+----------------+----------------+-----------------------------+------------------+-------------+----------------------------+-----------+---------------------+--------------------------------------------------------+--------------------+-------------+-------------------------+--------------------------+----------------+--------------------+--------------------+-------------------+---------------+----------------------+--------------+--------------------+
| Slave_IO_State       | Master_Host | Master_User      | Master_Port | Connect_Retry | Master_Log_File  | Read_Master_Log_Pos | Relay_Log_File         | Relay_Log_Pos | Relay_Master_Log_File | Slave_IO_Running | Slave_SQL_Running | Replicate_Do_DB | Replicate_Ignore_DB | Replicate_Do_Table | Replicate_Ignore_Table | Replicate_Wild_Do_Table | Replicate_Wild_Ignore_Table | Last_Errno | Last_Error | Skip_Counter | Exec_Master_Log_Pos | Relay_Log_Space | Until_Condition | Until_Log_File | Until_Log_Pos | Master_SSL_Allowed | Master_SSL_CA_File | Master_SSL_CA_Path | Master_SSL_Cert | Master_SSL_Cipher | Master_SSL_Key | Seconds_Behind_Master | Master_SSL_Verify_Server_Cert | Last_IO_Errno | Last_IO_Error                                                                                | Last_SQL_Errno | Last_SQL_Error | Replicate_Ignore_Server_Ids | Master_Server_Id | Master_UUID | Master_Info_File           | SQL_Delay | SQL_Remaining_Delay | Slave_SQL_Running_State                                | Master_Retry_Count | Master_Bind | Last_IO_Error_Timestamp | Last_SQL_Error_Timestamp | Master_SSL_Crl | Master_SSL_Crlpath | Retrieved_Gtid_Set | Executed_Gtid_Set | Auto_Position | Replicate_Rewrite_DB | Channel_Name | Master_TLS_Version |
+----------------------+-------------+------------------+-------------+---------------+------------------+---------------------+------------------------+---------------+-----------------------+------------------+-------------------+-----------------+---------------------+--------------------+------------------------+-------------------------+-----------------------------+------------+------------+--------------+---------------------+-----------------+-----------------+----------------+---------------+--------------------+--------------------+--------------------+-----------------+-------------------+----------------+-----------------------+-------------------------------+---------------+----------------------------------------------------------------------------------------------+----------------+----------------+-----------------------------+------------------+-------------+----------------------------+-----------+---------------------+--------------------------------------------------------+--------------------+-------------+-------------------------+--------------------------+----------------+--------------------+--------------------+-------------------+---------------+----------------------+--------------+--------------------+
| Connecting to master | 11.11.11.11 | replication_user |        3306 |            60 | mysql-bin.000001 |                 771 | mysql-relay-bin.000001 |             4 | mysql-bin.000001      | Connecting       | Yes               |                 |                     |                    |                        |                         |                             |          0 |            |            0 |                 771 |             154 | None            |                |             0 | No                 |                    |                    |                 |                   |                |                  NULL | No                            |          2003 | error connecting to master 'replication_user@11.11.11.11:3306' - retry-time: 60  retries: 15 |              0 |                |                             |                0 |             | /var/lib/mysql/master.info |         0 |                NULL | Slave has read all relay log; waiting for more updates |              86400 |             | 210228 12:59:43         |                          |                |                    |                    |                   |             0 |                      |              |                    |
+----------------------+-------------+------------------+-------------+---------------+------------------+---------------------+------------------------+---------------+-----------------------+------------------+-------------------+-----------------+---------------------+--------------------+------------------------+-------------------------+-----------------------------+------------+------------+--------------+---------------------+-----------------+-----------------+----------------+---------------+--------------------+--------------------+--------------------+-----------------+-------------------+----------------+-----------------------+-------------------------------+---------------+----------------------------------------------------------------------------------------------+----------------+----------------+-----------------------------+------------------+-------------+----------------------------+-----------+---------------------+--------------------------------------------------------+--------------------+-------------+-------------------------+--------------------------+----------------+--------------------+--------------------+-------------------+---------------+----------------------+--------------+--------------------+
1 row in set (0.00 sec)

mysql> mysql> show master status;
+------------------+----------+--------------+------------------+-------------------+
| File             | Position | Binlog_Do_DB | Binlog_Ignore_DB | Executed_Gtid_Set |
+------------------+----------+--------------+------------------+-------------------+
| mysql-bin.000150 |     2115 |              |                  |                   |
+------------------+----------+--------------+------------------+-------------------+
1 row in set (0.00 sec)

mysql> stop slave;
Query OK, 0 rows affected (0.01 sec)

mysql> stop master;
ERROR 1064 (42000): You have an error in your SQL syntax; check the manual that corresponds to your MySQL server version for the right syntax to use near 'master' at line 1mysql> STOP MASTER;
ERROR 1064 (42000): You have an error in your SQL syntax; check the manual that corresponds to your MySQL server version for the right syntax to use near 'MASTER' at line 1mysql> exit
Bye
root@Practice:~# ping 11.11.11.11
PING 11.11.11.11 (11.11.11.11) 56(84) bytes of data.
^C
--- 11.11.11.11 ping statistics ---
17 packets transmitted, 0 received, 100% packet loss, time 16380ms

root@Practice:~# nano ^C
root@Practice:~# nano /etc/mysql/mysql.conf.d/mysqld.cnf
root@Practice:~# root@Practice:~# cat /etc/mysql/mysql.conf.d/mysqld.cnf
#
# The MySQL database server configuration file.
#
# You can copy this to one of:
# - "/etc/mysql/my.cnf" to set global options,
# - "~/.my.cnf" to set user-specific options.
#
# One can use all long options that the program supports.
# Run program with --help to get a list of available options and with
# --print-defaults to see which it would actually understand and use.
#
# For explanations see
# http://dev.mysql.com/doc/mysql/en/server-system-variables.html

# This will be passed to all mysql clients
# It has been reported that passwords should be enclosed with ticks/quotes
# escpecially if they contain "#" chars...
# Remember to edit /etc/mysql/debian.cnf when changing the socket location.

# Here is entries for some specific programs
# The following values assume you have at least 32M ram

[mysqld_safe]
socket          = /var/run/mysqld/mysqld.sock
nice            = 0

[mysqld]
#
# * Basic Settings
#
user            = mysql
pid-file        = /var/run/mysqld/mysqld.pid
socket          = /var/run/mysqld/mysqld.sock
port            = 3306
basedir         = /usr
datadir         = /var/lib/mysql
tmpdir          = /tmp
lc-messages-dir = /usr/share/mysql
skip-external-locking
#
# Instead of skip-networking the default is now to listen only on
# localhost which is more compatible and is not less secure.
bind-address            = 127.0.0.1
#
# * Fine Tuning
#
key_buffer_size         = 16M
max_allowed_packet      = 16M
thread_stack            = 192K
thread_cache_size       = 8
# This replaces the startup script and checks MyISAM tables if needed
# the first time they are touched
myisam-recover-options  = BACKUP
#max_connections        = 100
#table_open_cache       = 64
#thread_concurrency     = 10
#
# * Query Cache Configuration
#
query_cache_limit       = 1M
query_cache_size        = 16M
#
# * Logging and Replication
#
# Both location gets rotated by the cronjob.
# Be aware that this log type is a performance killer.
# As of 5.1 you can enable the log at runtime!
#general_log_file        = /var/log/mysql/mysql.log
#general_log             = 1
#
# Error log - should be very few entries.
#
log_error = /var/log/mysql/error.log
#
# Here you can see queries with especially long duration
#slow_query_log         = 1
#slow_query_log_file    = /var/log/mysql/mysql-slow.log
#long_query_time = 2
#log-queries-not-using-indexes
#
# The following can be used as easy to replay backup logs or for replication.
# note: if you are setting up a replication slave, see README.Debian about
#       other settings you may need to change.
server-id               = 2
#log_bin                        = /var/log/mysql/mysql-bin.log
expire_logs_days        = 10
max_binlog_size   = 100M
#binlog_do_db           = include_database_name
#binlog_ignore_db       = include_database_name
#
# * InnoDB
#
# InnoDB is enabled by default with a 10MB datafile in /var/lib/mysql/.
# Read the manual for more InnoDB related options. There are many!
#
# * Security Features
#
# Read the manual, too, if you want chroot!
# chroot = /var/lib/mysql/
#
# For generating SSL certificates I recommend the OpenSSL GUI "tinyca".
#
# ssl-ca=/etc/mysql/cacert.pem
# ssl-cert=/etc/mysql/server-cert.pem
# ssl-key=/etc/mysql/server-key.pem

log_bin = /var/log/mysql/mysql-bin.log
log_bin_index =/var/log/mysql/mysql-bin.log.index
relay_log = /var/log/mysql/mysql-relay-bin
relay_log_index = /var/log/mysql/mysql-relay-bin.index

root@Practice:~#
root@Practice:~#
root@Practice:~# nano /etc/mysql/mysql.conf.d/mysqld.cnf
root@Practice:~# sudo systemctl restart mysql
root@Practice:~# sudo mysql -u root -p
Enter password:
Welcome to the MySQL monitor.  Commands end with ; or \g.
Your MySQL connection id is 4
Server version: 5.7.33-0ubuntu0.18.04.1-log (Ubuntu)

Copyright (c) 2000, 2021, Oracle and/or its affiliates.

Oracle is a registered trademark of Oracle Corporation and/or its
affiliates. Other names may be trademarks of their respective
owners.

Type 'help;' or '\h' for help. Type '\c' to clear the current input statement.

mysql> SHOW MASTER STATUS\G
*************************** 1. row ***************************
             File: mysql-bin.000151
         Position: 154
     Binlog_Do_DB:
 Binlog_Ignore_DB:
Executed_Gtid_Set:
1 row in set (0.00 sec)

mysql> exit
Bye
root@Practice:~# ping 127.0.0.2
PING 127.0.0.2 (127.0.0.2) 56(84) bytes of data.
64 bytes from 127.0.0.2: icmp_seq=1 ttl=64 time=0.037 ms
64 bytes from 127.0.0.2: icmp_seq=2 ttl=64 time=0.048 ms
64 bytes from 127.0.0.2: icmp_seq=3 ttl=64 time=0.058 ms
64 bytes from 127.0.0.2: icmp_seq=4 ttl=64 time=0.045 ms
^C
--- 127.0.0.2 ping statistics ---
4 packets transmitted, 4 received, 0% packet loss, time 3053ms
rtt min/avg/max/mdev = 0.037/0.047/0.058/0.007 ms
root@Practice:~# nano /etc/mysql/mysql.conf.d/mysqld.cnf
root@Practice:~# sudo systemctl restart mysqlsudo systemctl restart mysql^C
root@Practice:~# sudo systemctl restart mysql
root@Practice:~# sudo mysql -u root -p
Enter password:
Welcome to the MySQL monitor.  Commands end with ; or \g.
Your MySQL connection id is 4
Server version: 5.7.33-0ubuntu0.18.04.1-log (Ubuntu)

Copyright (c) 2000, 2021, Oracle and/or its affiliates.

Oracle is a registered trademark of Oracle Corporation and/or its
affiliates. Other names may be trademarks of their respective
owners.

Type 'help;' or '\h' for help. Type '\c' to clear the current input statement.

mysql> stop slave;
Query OK, 0 rows affected (0.28 sec)

mysql> CHANGE MASTER TO MASTER_HOST = '127.0.0.1', MASTER_USER = 'replication_user', MASTER_PASSWORD = '1729', MASTER_LOG_FILE = 'mysql-bin.000151', MASTER_LOG_POS = 154;
Query OK, 0 rows affected, 2 warnings (0.10 sec)

mysql> START SLAVE;
Query OK, 0 rows affected (0.00 sec)

mysql> show databases;
+--------------------+
| Database           |
+--------------------+
| information_schema |
| Mahesh             |
| madhan             |
| mysql              |
| performance_schema |
| replica_demo       |
| sys                |
+--------------------+
7 rows in set (0.00 sec)

mysql> show slave status;
+----------------------+-------------+------------------+-------------+---------------+------------------+---------------------+------------------------+---------------+-----------------------+------------------+-------------------+-----------------+---------------------+--------------------+------------------------+-------------------------+-----------------------------+------------+------------+--------------+---------------------+-----------------+-----------------+----------------+---------------+--------------------+--------------------+--------------------+-----------------+-------------------+----------------+-----------------------+-------------------------------+---------------+--------------------------------------------------------------------------------------------+----------------+----------------+-----------------------------+------------------+-------------+----------------------------+-----------+---------------------+--------------------------------------------------------+--------------------+-------------+-------------------------+--------------------------+----------------+--------------------+--------------------+-------------------+---------------+----------------------+--------------+--------------------+
| Slave_IO_State       | Master_Host | Master_User      | Master_Port | Connect_Retry | Master_Log_File  | Read_Master_Log_Pos | Relay_Log_File         | Relay_Log_Pos | Relay_Master_Log_File | Slave_IO_Running | Slave_SQL_Running | Replicate_Do_DB | Replicate_Ignore_DB | Replicate_Do_Table | Replicate_Ignore_Table | Replicate_Wild_Do_Table | Replicate_Wild_Ignore_Table | Last_Errno | Last_Error | Skip_Counter | Exec_Master_Log_Pos | Relay_Log_Space | Until_Condition | Until_Log_File | Until_Log_Pos | Master_SSL_Allowed | Master_SSL_CA_File | Master_SSL_CA_Path | Master_SSL_Cert | Master_SSL_Cipher | Master_SSL_Key | Seconds_Behind_Master | Master_SSL_Verify_Server_Cert | Last_IO_Errno | Last_IO_Error                                                                              | Last_SQL_Errno | Last_SQL_Error | Replicate_Ignore_Server_Ids | Master_Server_Id | Master_UUID | Master_Info_File           | SQL_Delay | SQL_Remaining_Delay | Slave_SQL_Running_State                                | Master_Retry_Count | Master_Bind | Last_IO_Error_Timestamp | Last_SQL_Error_Timestamp | Master_SSL_Crl | Master_SSL_Crlpath | Retrieved_Gtid_Set | Executed_Gtid_Set | Auto_Position | Replicate_Rewrite_DB | Channel_Name | Master_TLS_Version |
+----------------------+-------------+------------------+-------------+---------------+------------------+---------------------+------------------------+---------------+-----------------------+------------------+-------------------+-----------------+---------------------+--------------------+------------------------+-------------------------+-----------------------------+------------+------------+--------------+---------------------+-----------------+-----------------+----------------+---------------+--------------------+--------------------+--------------------+-----------------+-------------------+----------------+-----------------------+-------------------------------+---------------+--------------------------------------------------------------------------------------------+----------------+----------------+-----------------------------+------------------+-------------+----------------------------+-----------+---------------------+--------------------------------------------------------+--------------------+-------------+-------------------------+--------------------------+----------------+--------------------+--------------------+-------------------+---------------+----------------------+--------------+--------------------+
| Connecting to master | 127.0.0.1   | replication_user |        3306 |            60 | mysql-bin.000151 |                 154 | mysql-relay-bin.000001 |             4 | mysql-bin.000151      | Connecting       | Yes               |                 |                     |                    |                        |                         |                             |          0 |            |            0 |                 154 |             154 | None            |                |             0 | No                 |                    |                    |                 |                   |                |                  NULL | No                            |          2003 | error connecting to master 'replication_user@127.0.0.1:3306' - retry-time: 60  retries: 25 |              0 |                |                             |                0 |             | /var/lib/mysql/master.info |         0 |                NULL | Slave has read all relay log; waiting for more updates |              86400 |             | 210228 14:09:49         |                          |                |                    |                    |                   |             0 |                      |              |                    |
+----------------------+-------------+------------------+-------------+---------------+------------------+---------------------+------------------------+---------------+-----------------------+------------------+-------------------+-----------------+---------------------+--------------------+------------------------+-------------------------+-----------------------------+------------+------------+--------------+---------------------+-----------------+-----------------+----------------+---------------+--------------------+--------------------+--------------------+-----------------+-------------------+----------------+-----------------------+-------------------------------+---------------+--------------------------------------------------------------------------------------------+----------------+----------------+-----------------------------+------------------+-------------+----------------------------+-----------+---------------------+--------------------------------------------------------+--------------------+-------------+-------------------------+--------------------------+----------------+--------------------+--------------------+-------------------+---------------+----------------------+--------------+--------------------+
1 row in set (0.00 sec)

mysql> exit
Bye
root@Practice:~# cat /var/lib/mysql/master.info
25
mysql-bin.000151
154
127.0.0.1
replication_user
1729
3306
60
0

0
30.000

0

86400


0

root@Practice:~# mysql -u replication_user -p
Enter password:
Welcome to the MySQL monitor.  Commands end with ; or \g.
Your MySQL connection id is 8
Server version: 5.7.33-0ubuntu0.18.04.1-log (Ubuntu)

Copyright (c) 2000, 2021, Oracle and/or its affiliates.

Oracle is a registered trademark of Oracle Corporation and/or its
affiliates. Other names may be trademarks of their respective
owners.

Type 'help;' or '\h' for help. Type '\c' to clear the current input statement.

mysql> exit
Bye
root@Practice:~# mysql -u replication_user -h 127.0.0.1 -p
Enter password:
ERROR 2003 (HY000): Can't connect to MySQL server on '127.0.0.1' (111)
root@Practice:~# mysql -u replication_user -h localhost -p
Enter password:
ERROR 1045 (28000): Access denied for user 'replication_user'@'localhost' (using password: YES)
root@Practice:~# mysql -u replication_user -h localhost -p
Enter password:
Welcome to the MySQL monitor.  Commands end with ; or \g.
Your MySQL connection id is 10
Server version: 5.7.33-0ubuntu0.18.04.1-log (Ubuntu)

Copyright (c) 2000, 2021, Oracle and/or its affiliates.

Oracle is a registered trademark of Oracle Corporation and/or its
affiliates. Other names may be trademarks of their respective
owners.

Type 'help;' or '\h' for help. Type '\c' to clear the current input statement.

mysql> exit
Bye
root@Practice:~# nano /etc/mysql/mysql.conf.d/mysqld.cnf
root@Practice:~# nano /etc/mysql/mysql.conf.d/mysqld.cnf
root@Practice:~# sudo systemctl restart mysql
root@Practice:~# mysql -u root -p
Enter password:
Welcome to the MySQL monitor.  Commands end with ; or \g.
Your MySQL connection id is 5
Server version: 5.7.33-0ubuntu0.18.04.1-log (Ubuntu)

Copyright (c) 2000, 2021, Oracle and/or its affiliates.

Oracle is a registered trademark of Oracle Corporation and/or its
affiliates. Other names may be trademarks of their respective
owners.

Type 'help;' or '\h' for help. Type '\c' to clear the current input statement.

mysql> CHANGE MASTER TO MASTER_HOST = 'localhost', MASTER_USER = 'replication_user', MASTER_PASSWORD = '1729', MASTER_LOG_FILE = 'mysql-bin.000151', MASTER_LOG_POS = 154;
Query OK, 0 rows affected, 2 warnings (0.00 sec)

mysql> exit
Bye
root@Practice:~# nano /etc/mysql/mysql.conf.d/mysqld.cnf
root@Practice:~# sudo systemctl restart mysql
root@Practice:~# mysql -u root -p
Enter password:
Welcome to the MySQL monitor.  Commands end with ; or \g.
Your MySQL connection id is 4
Server version: 5.7.33-0ubuntu0.18.04.1-log (Ubuntu)

Copyright (c) 2000, 2021, Oracle and/or its affiliates.

Oracle is a registered trademark of Oracle Corporation and/or its
affiliates. Other names may be trademarks of their respective
owners.

Type 'help;' or '\h' for help. Type '\c' to clear the current input statement.

mysql> STOP SLAVE;
Query OK, 0 rows affected (0.01 sec)

mysql> CHANGE MASTER TO MASTER_HOST = 'localhost', MASTER_USER = 'replication_user', MASTER_PASSWORD = '1729', MASTER_LOG_FILE = 'mysql-bin.000151', MASTER_LOG_POS = 154;
Query OK, 0 rows affected, 2 warnings (0.04 sec)

mysql> START SLAVE;
Query OK, 0 rows affected (0.01 sec)

mysql> sudo mysql -u root -p
   
mysql> show slave staus;
ERROR 1064 (42000): You have an error in your SQL syntax; check the manual that corresponds to your MySQL server version for the right syntax to use near 'staus' at line 1
mysql> show slave status;
+----------------------+-------------+------------------+-------------+---------------+------------------+---------------------+------------------------+---------------+-----------------------+------------------+-------------------+-----------------+---------------------+--------------------+------------------------+-------------------------+-----------------------------+------------+------------+--------------+---------------------+-----------------+-----------------+----------------+---------------+--------------------+--------------------+--------------------+-----------------+-------------------+----------------+-----------------------+-------------------------------+---------------+-------------------------------------------------------------------------------------------+----------------+----------------+-----------------------------+------------------+-------------+----------------------------+-----------+---------------------+--------------------------------------------------------+--------------------+-------------+-------------------------+--------------------------+----------------+--------------------+--------------------+-------------------+---------------+----------------------+--------------+--------------------+
| Slave_IO_State       | Master_Host | Master_User      | Master_Port | Connect_Retry | Master_Log_File  | Read_Master_Log_Pos | Relay_Log_File         | Relay_Log_Pos | Relay_Master_Log_File | Slave_IO_Running | Slave_SQL_Running | Replicate_Do_DB | Replicate_Ignore_DB | Replicate_Do_Table | Replicate_Ignore_Table | Replicate_Wild_Do_Table | Replicate_Wild_Ignore_Table | Last_Errno | Last_Error | Skip_Counter | Exec_Master_Log_Pos | Relay_Log_Space | Until_Condition | Until_Log_File | Until_Log_Pos | Master_SSL_Allowed | Master_SSL_CA_File | Master_SSL_CA_Path | Master_SSL_Cert | Master_SSL_Cipher | Master_SSL_Key | Seconds_Behind_Master | Master_SSL_Verify_Server_Cert | Last_IO_Errno | Last_IO_Error                                                                             | Last_SQL_Errno | Last_SQL_Error | Replicate_Ignore_Server_Ids | Master_Server_Id | Master_UUID | Master_Info_File           | SQL_Delay | SQL_Remaining_Delay | Slave_SQL_Running_State                                | Master_Retry_Count | Master_Bind | Last_IO_Error_Timestamp | Last_SQL_Error_Timestamp | Master_SSL_Crl | Master_SSL_Crlpath | Retrieved_Gtid_Set | Executed_Gtid_Set | Auto_Position | Replicate_Rewrite_DB | Channel_Name | Master_TLS_Version |
+----------------------+-------------+------------------+-------------+---------------+------------------+---------------------+------------------------+---------------+-----------------------+------------------+-------------------+-----------------+---------------------+--------------------+------------------------+-------------------------+-----------------------------+------------+------------+--------------+---------------------+-----------------+-----------------+----------------+---------------+--------------------+--------------------+--------------------+-----------------+-------------------+----------------+-----------------------+-------------------------------+---------------+-------------------------------------------------------------------------------------------+----------------+----------------+-----------------------------+------------------+-------------+----------------------------+-----------+---------------------+--------------------------------------------------------+--------------------+-------------+-------------------------+--------------------------+----------------+--------------------+--------------------+-------------------+---------------+----------------------+--------------+--------------------+
| Connecting to master | localhost   | replication_user |        3306 |            60 | mysql-bin.000151 |                 154 | mysql-relay-bin.000001 |             4 | mysql-bin.000151      | Connecting       | Yes               |                 |                     |                    |                        |                         |                             |          0 |            |            0 |                 154 |             154 | None            |                |             0 | No                 |                    |                    |                 |                   |                |                  NULL | No                            |          2003 | error connecting to master 'replication_user@localhost:3306' - retry-time: 60  retries: 2 |              0 |                |                             |                0 |             | /var/lib/mysql/master.info |         0 |                NULL | Slave has read all relay log; waiting for more updates |              86400 |             | 210228 14:25:12         |                          |                |                    |                    |                   |             0 |                      |              |                    |
+----------------------+-------------+------------------+-------------+---------------+------------------+---------------------+------------------------+---------------+-----------------------+------------------+-------------------+-----------------+---------------------+--------------------+------------------------+-------------------------+-----------------------------+------------+------------+--------------+---------------------+-----------------+-----------------+----------------+---------------+--------------------+--------------------+--------------------+-----------------+-------------------+----------------+-----------------------+-------------------------------+---------------+-------------------------------------------------------------------------------------------+----------------+----------------+-----------------------------+------------------+-------------+----------------------------+-----------+---------------------+--------------------------------------------------------+--------------------+-------------+-------------------------+--------------------------+----------------+--------------------+--------------------+-------------------+---------------+----------------------+--------------+--------------------+
1 row in set (0.00 sec)

mysql> exit
Bye
root@Practice:~#











































